256
256
.............@@@@@@@.................@@@@@@@@@@@........@@@@@@............@@@@@@@@@....@@@@........@@@@.....@@@@@@@@.........................@@@@@@@@@@@@@@..@@@@@..@@@@@@@@@@@@@@...........@@@@@@@@@@@............@@@@@@@@@@@.........................@@@@@@@@
.............@@@@@@@@..............@@@@@@@@@@@@@@.......@@@@@@@...............@@@@@.....@@@@........@@@@..@@@@@@@@@........................@@@@@@@@@@@@@@@@...@@@@@..@@@@@@@@@@@@@@............@@@@@@@............@@@@@@@@@@@............................@@@@@@@
..............@@@@@@@............@@@@@@@@@@@@@@@.........@@@@@@................@@@@@....@@@@........@@@@@@@@@@@@@@..........................@@@@@@@@@@@@@@@@...@@@@@.@@@@@@@@@@@@@@@............@@@@@............@@@@@@@@@@..............................@@@@@@@
..............@@@@@@@@..........@@@@@@@@@@@@@@...........@@@@@@@...............@@@@@...@@@@@@........@@@@@@@@@@@@...........................@@@@@@@@@@@@@@@@...@@@@@@.@.@@@@@@@@@@@@............@@@@...........@@@@@@@@@@@................................@@@@@@
@.............@@@@@@@.........@@@@@@@@@@@@@@..............@@@@@@@.........@@.@@@@@@@@..@@@@@@@........@@@@@@@@@@.............................@@@@@@@@@@@@@@@@...@@@@@@...@@@@@@@@@@@@............@...........@@@@@@@@@@@@..................................@@@@.
@.............@@@@@........@@@@@@@@@@@@@@@@...............@@@@@@@@......@@@@@@@@@@@@@@.@@@@@@.........@@@@@@@@@..............................@@@@@@@@@@@@@@@@....@@@@@@...@@@@@@@@@@@@......................@@@@@@@@@@@@...................................@@@..
@...............@........@@@@@@@@@@@@@@@...................@@@@@@@....@@@@@@@@@@@@@@@..@@@@@@..........@@@@@@@................................@@@@@@@@@@@@@@@@...@@@@@@...@@@@@@@@@@@@....................@@@@@@@@@@@@......................................@...
@......................@@@@@@@@@@@@@@@.....................@@@@@@@@....@@@@@@@@@@@@....@@@@@.....@.....@@@@.@.................................@@@@@@@@@@@@@@@@.@..@@@@@@...@@@@@@@@@@@@..................@@@@@@@@@@@@..........................................@
@@.....................@@@@@@@@@@@@@........................@@@@@@@....@@@@@..@@@@......@..@...@@@......@......................................@@@@@@@@@@@@@@@@@...@@@@@@...@@@@@@@@@@@@................@@@@@@@@@@@...........................................@@
@@......................@@@@@@@@@@@.........................@@@@@@@.....@@.....@.........@@@@.@@@@@............................................@@@@@@@@@@@@@@@@@@...@@@@@....@@@@@@@@@@@@...............@@@@@@@@@@.............................................@
@@@.....................@@@@@@@@@............................@@@@@@@...................@@@@@@@@@@@@.............................................@@@@@@@@@@@@@@@@@...@@@@@@....@@@@@@@@@@...............@@@@@@@@@@..............................................@
@@@......................@@@@@@....................@@@.......@@@@@@@..................@@@@@@.@@@@@@@.............................................@@@@@@@@@@@@@@@@@...@@@@@@...@@@@@@@@@....@............@@@@@@@@................................................
@@@@.....................@@@@..................@@@@@@@........@@@@@@@..................@@@.@@@@@@@@@.............................................@@@@@@@@@@@@@@@@@...@@@@@@@...@@@@@@@....@@@............@@@@@..................................................
@@@@......................@.................@@@@@@@@@@@.......@@@@@@@................@@@.@@@@@@@@@@................@@.............................@@@@@@@@@@@@@@@@@...@@@@@@@...@@@@.....@@@@@...........@@@@...................................................
@@@@.....................................@@@@@@@@@@@@@@........@@@@@@@..............@@@@@@@@@@@@@................@@@@.............................@@@@@@@@@@@@@@@@@....@@@@@@@..@@@.....@@@@@@............@.....................................................
@@@@@.................................@@@@@@@@@@@@@@@@@@.......@@@@@@................@@@@@@@@@@@...............@@@@@@@.............................@@@@@@@@@@@@@@@@@....@@@@@@@..@....@@@@@@@@@.................................................................
@@@@@...............................@@@@@@@@@@@@@@@@@@@@........@@@@@@...............@@@@@@@@@................@@@@@@@@.............................@@@@@@@@@@@@@@@@@@....@@@@@@......@@@@@@@@@@@...............................................................@
@@@@@@............................@@@@@@@@@@@@@@@@@@@@@@@.......@@@@@@.........@...@@@@@@@@@@@................@@@@@@@@@.............................@@@@@@@@@@@@@@@@@.....@@@@@@....@@@@@@.@@@@@@.............................................................@@
@@@@@@..........................@@@@@@@@@@@@@@@@@@@@@@...........@@@@@@.......@@@.@@@@@@@@@@................@@@@@@@@@@@@............................@@@@@@@@@@@@@@@@@@....@@@@@....@@@@@@..@@@@@@@..........................................................@@@@
@@@@@@@......................@@@@@@@@@@@@@@@@@@@@@................@@@@@......@@@@@@@@@@@@..................@@@@@@@@@@@@@.............................@@@@@@@@@@@@@@@@@.....@@.....@@@@@.....@@@@@@.........................................................@@@@@
@@@@@@@...................@@@@@@@@@@@@@@@@@@@@@@..................@@@@@@..@.@@@@@@@@@@@.....................@@@@@@@@@@@@@............................@@@@@@@@@@@@@@@@@@..........@@@@@.....@@@@@@@@.........................................................@@@@
@@@@@@@@...............@@@@@@@@@@@@@@@@@@@@@@@....................@@@@@@.@@@@@@@@@@@@@......................@@@@@@@@@@@@@.............................@@@@@@@@@@@@@@@@@........@@@@@@.....@@@@@@@@@@.........................................................@@@
@@@@@@@@............@@@@@@@@@@@@@@@@@@@@@@@@.......................@@@@..@@@@@@@@@@@@........................@@@@@@@@@@@@@............................@@@@@@@@@@@@@@@@@@.....@@@@@@@....@@@@@@@@@@@........................................................@@@@@
@@@@@@...........@@@@@@@@@@@@@@@@@@@@@@@@..........................@@@@..@@@@@@@@@@...........................@@@@@@@@@@@@.............................@@@@@@@@@@@@@@@@.....@@@@@@@....@@@@@@@@@@@........................................................@@@@@@
@@@@..........@@@@@@@@@@@@@@@@@@@@@@@.....................@.......@@@@@@@@@@@@@@@..............................@@@@@@@@@@@@.............................@@@@@@@@@@@@@.....@@@@@@@.....@@@@@@@@@@@..........................................................@@@@@
@@.........@@@@@@@@@@@@@@@@@@@@@@@......................@@@@.......@@@@@@@@@@@@....................@...........@@@@@@@@@@@@.............................@@@@@@@@@@@@@....@@@@@@@.....@@@@@@@@@@............................................................@@@@@
........@@@@@@@@@@@@@@@@@@@@@@@......................@@@@@@@........@@@@@@@@@@...................@@@@...........@@@@@@@@@@@@.............................@@@@@@@@@@@@@..@@@@@@@....@@@@@@@@@@@..............................................................@@@@
.....@@@@@@@@@@@@@@@@@@@@@@@......................@@@@@@@@@@@........@@@@@@.....................@@@@@............@@@@@@@@@@@@.............................@@@@@@@@@@@@.@@@@@@.....@@@@@@@@@@@................................................................@@@
...@@@@@@@@@@@@@@@@@@@@@@.....................@@@@@@@@@@@@@@@@........@@@.....................@@@@@@@@...........@@@@@@@@@@@@.............................@@@@@@@@@@@@@@@@@@....@@@@@@@@@@@@...........@@@@....................................................@
.@@@@@@@@@@@@@@@@@@@@@.....................@@@@@@@@@@@@@@@@@@@@........@.....................@@@@@@@@@............@@@@@@@@@@@@.............................@@@@@@@@@@@@@@@@....@@@@@@@@@@@@.........@@@@@@@@@..................................................@
@@@@@@@@@@@@@@@@@@@.....................@@@@@@@@@@@@@@@@@@@@@@@............................@@@@@@@@@@.............@@@@@@@@@@@@.............................@@@@@@@@@@@@@@@....@@@@@@@@@@@..........@@@@@@@@@@@..................................................
@@@@@@@@@@@@@@@@......................@@@@@@@@@@@@@@@@@@@@@@@@@@..........................@@@@@@@@@@@@.............@@@@@@@@@@@@............................@@@@@@@@@@@@@@....@@@@@@@@@@@...........@@@@@@@@@@@..................................................
.@@@@@@@@@@@@@......................@@@@@@@@@@@@@@@@@@@..@@@@@@@@..........................@@@@@@@@@@@.............@@@@@@@@@@@@@............................@@@@@@@@@@@....@@@@@@@@@@@@...........@@@@@@@@@@@...................................................
.@@@@@@@@@@@.....................@@@@@@@@@@@@@@@@@@@.....@@@@@@............................@@@@@@@@@@@@.............@@@@@@@@@@@@............................@@@@@@@@@.....@@@@@@@@@@@@..........@@@@@@@@@@@@@@.@................................................
.@@@@@@@@@...................@@@@@@@@@@@@@@@@@@@..........@@................................@@@@@@@@@@@@.............@@@@@@@@@@@@............................@@@@@@@@...@@@@@@@@@@@@...........@@@@@@@@@@@@@@@@@@...............................................
..@@@@@...................@@@@@@@@@@@@@@@@@@@@...............................................@@@@@@@@@@@.............@@@@@@@@@@@@............................@@@@@@@@..@@@@@@@@@@@@...........@@@@@@@@@@@@@@@@@@................................................
..@@...................@@@@@@@@@@@@@@@@@@@@@.................................................@@@@@@@@@@@@.............@@@@@@@@@@@@............................@@@@@@@@..@@@@@@@@@..............@@@@@@@@@@@@@@@@@.@..............................................
.....................@@@@@@@@@@@@@@@@@@@@@....................................................@@@@@@@@@@@.............@@@@@@@@@@@@.............................@@@@@@@...@@@@@@@................@@@@..@.@@@@@@@@@@@.............................................
...................@@@@@@@@@@@@@@@@@@@........................................................@@@@@@@@@@@@.............@@@@@@@@@@@@............................@@@@@@@@@@@@@@@@..................@.....@@@@@@@@@@@..............................................
................@@@@@@@@@@@@@@@@@@@...........................................................@@@@@@@@@@@@.............@@@@@@@@@@@@@............................@@@@@@@@@@@@@@..........................@@@@@@@@@@@.@...........................................
............@@@@@@@@@@@@@@@@@@@................................................................@@@@@@@@@@@@.............@@@@@@@@@@@@............................@@@@@@@@@@@@.............................@.@@@@@@@@@@...........................................
.........@@@@@@@@@@@@@@@@@@@@..................................................................@@@@@@@@@@@@.............@@@@@@@@@@@@@............................@@@@@@@@@@...............................@@@@@@@@@@@.........................................@@
.......@@@@@@@@@@@@@@@@@@@@.....................................................................@@@@@@@@@@@@.............@@@@@@@@@@@@............................@@@@@@@@@.................................@@@@@@@@@@.@......................................@@@
.......@@@@@@@@@@@@@@@@@@.......................................................................@@@@@@@@@@@@@............@@@@@@@@@@@@.............................@@@@@@...................................@.@@@@@@@@@@@....................................@@@@
........@@@@@@@@@@@@@............................................................................@@@@@@@@@@@@.............@@@@@@@@@@@@............................@@@@@.....................................@@@@@@@@@@@....................................@@@@@
@.......@@@@@@@@@@................................................................................@@@@@@@@@@@@............@@@@@@@@@@@@.............................@@@.......................................@@@@@@@@@@@.@................................@@@@@@
@.......@@@@@@@..............................................@@...................................@@@@@@@@@@@@@............@@@@@@@@@@@@............................@..........................................@@@@@@@@@@@@...........................@...@@@@@@@
@........@@@..............................................@@@@@....................................@@@@@@@@@@@@.............@@@@@@@@@@@........................................................................@@@@@@@@@@...........................@@@...@@@@@@
@@.......@..............................................@@@@@@@@...................................@@@@@@@@@@@@@............@@@@@@@@@@@@........................................................................@@@@@@@@@@.@.......................@@@@@...@@@@@
@@......................................................@@@@@@@@....................................@@@@@@@@@@@@.............@@@@@@@@@@@........................................................................@.@@@@@@@@@@@.....................@@@@@@....@@@@
@@.......................................................@@@@@@@@...................................@@@@@@@@@@@@@.............@@@@@@@@@@@...................................@....................................@@@@@@@@@@@@....................@@@@@@@@....@@@
@@@......................................................@@@@@@@@....................................@@@@@@@@@@@@.............@@@@@@@@@@@.................................@@@@....................................@@@@@@@@@@@@..................@@@@@@@@@@....@.
@@@.......................................................@@@@@@@@...................................@@@@@@@@@@@@@.............@@@@@@@@@@@..............................@@@@@@....................................@.@@@@@@@@@@.................@@@@@@@@@@.......
@@@@......................................................@@@@@@......................................@@@@@@@@@@@@.............@@@@@@@@@@@@............................@@@@@@@@....................................@@@@@@@@@@@................@@@@@@@@@@........
@@@@.......................................................@@@.........................................@@@@@@@@@@@@.............@@@@@@@@@@@.............................@@@@@@@@....................................@@@@@@@@@................@@@@@@@@@..........
@@@@.......................................................@...........................................@@@@@@@@@@@@@............@@@@@@@@@@@@............................@@@@@@@@.....................................@@@@@@.................@@@@@@@@@.........@@
@@@.....................................................................................................@@@@@@@@@@@@.............@@@@@@@@@@@.............................@@@@@@@@..................................@@@@@@@.................@@@@@@@@@@@.......@@@
@.......................................................................................................@@@@@@@@@@@@@.............@@@@@@@@@@@............................@@@@@@@@...................................@@@@@...................@@@@@@@@@@@....@@@@@
.........................................................................................................@@@@@@@@@@@@.............@@@@@@@@@@@.............................@@@@@@@@..................................@@@......................@@@@@@@@@@...@@@@@@
.........................................................................................................@@@@@@@@@@@@@.............@@@@@@@@@@@............................@@@@@@@@...................................@............@@.........@@@@@@@@@@@...@@@@@
..........................................................................................................@@@@@@@@@@@@.............@@@@@@@@@@@@............................@@@@@@@..............................................@@@@@.........@@@@@@@@@@@...@@@@
..........................................................................................................@@@@@@@@@@@@@.............@@@@@@@@@@@............................@@@@@@@@...........................................@@@@@@@..........@@@@@@@@@@@...@@@
...........................................................................................................@@@@@@@@@@@@@............@@@@@@@@@@@@............................@@@@@@@.........................................@@@@@@@@@@..........@@@@@@@@@@@..@@@
...........................................................................................................@@@@@@@@@@@@@.............@@@@@@@@@@.............................@@@@@@@@.......................................@@@@@@@@@@@@..........@@@@@@@@@@...@@
............................................................................................................@@@@@@@@@@@@@...........@@@@@@@@@@...............................@@@@@@@@......................................@@@@@@@@@@@@@.........@@@@@@@@@@@...@
............................................................................................................@@@@@@@@@@@@@............@@@@@@@@................................@@@@@@@@....................................@@@@@@..@@@@@@@@.........@@@@@@@@@@@...
.............................................................................................................@@@@@@@@@@@@@...........@@@@@@@..................................@@@@@@@@.................................@@@@@@@@@@@@@@@@@@..........@@@@@@@@@@@..
..............................................................................................................@@@@@@@@@@@@............@...@...................................@@@@@@@@...............................@@@@@@@@@@@.@.@@@@@@@..........@@@@@@@@@@@.
..............................................................................................................@@@@@@@@@@@@@....................................................@@@@@@@@.............................@@@@@@@@@@@....@@@@@@@@.........@@@@@@@@@@@.
...............................................................................................................@@@@@@@@@@@@@........................@..........................@@@@@@@@...........................@@@@@@@@@@@@.....@@@@@@@@@.........@@@@@@@@@@@
...............................................................................................................@@@@@@@@@@@@@....................@.@@@...........................@@@@@@@@.........................@@@@@@@@@@@@......@@@@@@@@@@.........@@@@@@@@@@
................................................................................................................@@@@@@@@@@@@@..................@@@@@@@..........................@@@@@@@@..........................@@@@@@@@@.........@@@@@@@@@..........@@@@@@@@@
................................................................................................................@@@@@@@@@@@@@.................@@@@@@@@...........................@@@@@@@@.........................@@@@@@@............@@@@@@@@@..........@@@@@@@.
.................................................................................................................@@@@@@@@@@@@@...............@@@@@@@@@@...........................@@@@@@@@..................@......@@@@@@@............@@@@@@@@@.........@@@@@@..
..................................................................................................................@@@@@@@@@@@@...............@@@@@@@@@@...........................@@@@@@@@................@@@@......@@@@@@.............@@@@@@@@@.........@@@....
..................................................................................................................@@@@@@@@@@@@@.............@@@@@@@@@@@@...........................@@@@@@@@.............@@@@@@.......@@@@@@@@...........@@@@@@@@@.........@.....
...................................................................................................................@@@@@@@@@@@.............@@@@@@@@@@@@@...........................@@@@@@@.............@@@@@@@@......@@@@@@@@@............@@@@@@@...............
...................................................................................................................@@@@@@@@@@...............@@@@@@@@@@@@@...........................@@@@.............@@@@@@@@@@.......@@@@@@@@@............@@@@@@@..............
....................................................................................................................@@@@@@@@@...............@@@@@@@@@@@@@...........................@@.............@@@@@@@@@@@@@.......@@@@@@@@@............@@@@@@@.............
....................................................................................................................@@@@...@.................@@@@@@@@@@@@@........................................@@@@@@@@@@@@@..........@@@@@@@@...........@@@@@@@@............
.....................................................................................................................@@......................@@@@@@@@@@@@@.........................................@@@@@@@@@@..@..........@@@@@@@@...........@@@@@@@@...........
..............................................................................................................................................@@@@@@@@@@@@@..................................@.@...@@@@@@@@@.@@@@..........@@@@@@@............@@@@@@@@..........
...................................................................................................................................@..........@@@@@@@@@@@@@.................................@@@@.@..@@@@@@..@@@@@@..........@@@@@@@............@@@@@@@@.........
.................................................................................................................................@@@@..........@@@@@@@@@@@@@..............................@@@@@@@@@.@@@@....@@@@@@@.........@@@@@@@.............@@@@@@@.........
................................................................................................................................@@@@@@.........@@@@@@@@@@@@@@...............@............@@@@@@@@@@@.@@......@@@@@@@.........@@@@@@@............@@@@@@@@........
..............................................................................................................................@@@@@@@@..........@@@@@@@@@@@@@..............@@@............@@@@@@@@@@@........@@@@@@@.........@@@@@@@@............@@@@@@@@.......
.............................................................................................................................@@@@@@@@@@..........@@@@@@@@@@@@@............@@@@............@@@@@@@@@........@@@@@@@@@@.........@@@@@@@@............@@@@@@@@......
...........................................................................................................................@@@@@@@@@@@@@.........@@@@@@@@@@@@@...........@@@@@@............@@@@@@@@@........@@@@@@@@@@.........@@@@@@@@............@@@@@@@@.....
..........................................................................................................................@@@@@@@@@@@@@@..........@@@@@@@@@@@@@...........@@@@@@............@@@@@@@@.........@@@@@@@@@..........@@@@@@@@............@@@@@@@.....
.........................................................................................................................@@@@@@@@@@@@@@@.@........@@@@@@@@@@@@@...........@@@@@@@...........@@@@@@@@@.........@@@@@@@@@..........@@@@@@@@............@@@@@@@@...
.........................................................................................................................@@@@@@@@@@@@@@@@@@........@@@@@@@@@@@@@...........@@@@@@@...........@@@@@@@@@........@@@@@@@@@@..........@@@@@@@.............@@@@@@@@..
........................................................................................................................@@@@@@@@@@@@@@@@@@@........@@@@@@@@@@@@@............@@@@@@.............@@@@@@@@........@@@@@@@@@@..........@@@@@@@............@@@@@@@@@.
......................................................................................................................@@@@@@@@@@@..@@@@@@@@@........@@@@@@@@@@@@@............@@@@@@.............@@@@@@@@........@@@@@@@@@@.........@@@@@@@.............@@@@@@@@.
.....................................................................................................................@@@@@@@@@@....@@@@@@@@@........@@@@@@@@@@@@@............@@@@@@@.............@@@@@@@@........@@@@@@@@@@.........@@@@@@@............@@@@@@@@@
...................................................................................................................@@@@@@@@@@@......@@@@@@@..........@@@@@@@@@@@..............@@@@@@@............@@@@@@@@@........@@@@@@@@@.........@@@@@@@@...........@@@@@@@@@
@.................................................................................................................@@@@@@@@@@@.....@@@@@@.............@@@@@@@@@@................@@@@@@@............@@@@@@@@.........@@@@@@@@@.........@@@@@@@@...........@@@@@@@@
@...............................................................................................................@@@@@@@@@@@@.....@@@@@@.....@.........@@@@@@@...................@@@@@@@............@@@@@@@@.........@@@@@@@@@.........@@@@@@@@...........@@@@@@@
@@@............................................................................................................@@@@@@@@@@@@....@@@@@@@....@@@@........@@@@@@....................@@@@@@@.............@@@@@@@@........@@@@@@@@@..........@@@@@@@@............@@@@@
@@@@.........................................................................................................@@@@@@@@@@@@.....@@@@@@.....@@@@@.........@@@@......................@@@@@@@.............@@@@@@@@........@@@@@@@@@..........@@@@@@@@............@@@@
@@@@........................................................................................................@@@@@@@@@@@@.....@@@@@@.......@@@@@.........@.........................@@@@@@..............@@@@@@@@.......@@@@@@@@@@..........@@@@@@@@.............@@
@@@@.........................................................................................................@@@@@@@@@@.....@@@@@@........@@@@@@...................................@@@@@@..............@@@@@@@........@@@@@@@@@@..........@@@@@@@............@@@
@@@@@.........................................................................................................@@@@@@@@.....@@@@@@......@...@@@@@....................................@@@@@@.............@@@@@@@@........@@@@@@@@@@.........@@@@@@@@.........@@@@@
@@@@@.........................................................................................................@@@@@@.....@@@@@@@.....@@@...@@@@@@...............................@.@@@@@@@...............@@@@@@@@........@@@@@@@@@@.........@@@@@@@........@@@@@@
@@@@@@.........................................................................................................@@@@.....@@@@@@.....@@@@@@...@@@@@.............................@@@@@@@@@@.................@@@@@@@@........@@@@@@@@@@........@@@@@@@@......@@@@@@@
@@@@............................................................................................................@.....@@@@@@@.......@@@@@...@@@@@@...........................@@@@@@@@@@..................@@@@@@@@.........@@@@@@@@@@........@@@@@@@@....@@@@@@@@
@@@@..@..............................................................................................................@@@@@@.......@@@@@@@@...@@@............................@@@@@@@@@@....................@@@@@@@@.........@@@@@@@@@.........@@@@@@....@@@@@@@@@
@@@@@@@@............................................................................................................@@@@@@.......@@@@@@@@@...@.............................@@@@@@@@@@......................@@@@@@@@........@@@@@@@@@@.........@@@@.....@@@@@@@@.
@@@@@@.@...........................................................................................................@@@@@@....@...@@@@@@@@@@...............................@@@@@@@@@...........@.............@@@@@@@.........@@@@@@@@@@.........@......@@@@@@@@..
@@@@@@@@..........................................................................................................@@@@@@...@@@@...@@@@@@@@@..............................@@@@@@@@@..........@@@@............@@@@@@@@.........@@@@@@@@@...............@@@@@@@@...
.@@@@@@@@..........................................................................................................@@@@....@@@@...@@@@@@@@@@............................@@@@@@@@@..........@@@@@@............@@@@@@@@.........@@@@@@@@@.............@@@@@@@@....
.@@@@@@..@..........................................................................................................@.......@@@@...@@@@@@@.............................@@@@@@@@@............@@@@@@............@@@@@@@@........@@@@@@@@@@...........@@@@@@@@.....
..@@@@@@@@..................................................................................................................@@@@...@@@@@@.............................@@@@@@@@@..........@...@@@@@.............@@@@@@@@........@@@@@@@@@@..........@@@@@@@......
..@@@@@@..@..................................................................................................................@@@@...@@@@@@...........................@.@@@@@@...........@@@..@@@@@@.............@@@@@@@.@.......@@@@@@@@@@........@@@@@@@.......
..@@@@@@@@@@.................................................................................................................@@@@....@@@@@.........................@@@@@@@@@...........@@@@@..@@@@@@............@@@@@@@@@........@@@@@@@@@.........@@@@@........
...@@@@@@@@@..................................................................................................................@@@@...@@@@@........................@@@@@@@@@...........@@@@@...@@@@@@@............@@@@@@@@@........@@@@@@@@@.........@@@.........
...@@@@@@@@@..................................................................................................................@@@@....@@@@@......................@@@@@@@@@............@@@@.....@@@@@@@............@@@@@@@@........@..@@@@@.@.........@..........
....@@@@@@@@@..................................................................................................................@@@@...@@@@@....................@@@@@@@@@@..............@........@@@@@@@...........@@@@@@@@@..........@@@..@@@...................
.....@@@@@@..@.................................................................................................................@@@@...@@@@@@..................@@@@@@@@@...............@..........@@@@@@@...........@@@@@@@@@..........@..@@@@@..................
......@@@@@@@@..................................................................................................................@@@@...@@@@@@................@@@@@@@@@..............@@@@..........@@@@@@@...........@@@@@@@@@..........@@@@@@@..................
......@@@@@@@@@.................................................................................................................@@@@...@@@@@@...............@@@@@@@@@..............@@@@@..........@@@@@@@.............@@@@@@@@........@@@@@@@@@................@
.......@@@@@@..@.................................................................................................................@@@@...@@@@@@.............@@@@@@@@@..............@@@@@@@..........@@@@@@@............@@@@@@@@@@.....@@@@@@@@@@@................
.......@@@@@@@@@@................................................................................................................@@@@...@@@@@@...........@@@@@@@@@@..............@@@@@@@@@..........@@@@@@@............@@@@@@@@@@...@@@@@@@@@@@@@............@..
........@@@@@@@@@.................................................................................................................@@@....@@@@@@.........@@@@@@@@@...............@@@@@@@@@............@@@@@@@...........@@@@@@@@@@..@@@@@@@@@@@@@............@@@@
........@@@@@@@@@@@...............................................................................................................@@@@....@@@@@........@@@@@@@@@..............@@@@@@@@@...............@@@@@@@...........@@@@@@@@@@..@@@@@@@@@@@............@@@@@
.........@@@@@@@@@@................................................................................................................@@@....@@@@..@.......@@@@@@@..............@@@@@@@@@.......@.........@@@@@@@..........@@@@@@@@@@@.@@@@@@@@@@............@@@@@@
.........@@@@@@@@@@@...............................................................................................................@@@@...@@...@@@.......@@@@@.............@@@@@@@@@@......@@@@........@@@@@@@...........@@@@@@@@@...@@@@@@@@@...........@@@@@@@
..........@@@@@@@@@.................................................................................................................@@@@@@@@@.@@@@@......@@@@.............@@@@@@@@@@......@@@@@.........@@@@@@@...........@@@@@@......@@@@@@@...........@@@@@@@@
..........@@@@@@@..@.......@........................................................................................................@@@@@@@@@@@@@@@@@.....@................@@@@@@@@....@...@@@@@.........@@@@@@@...........@@@@......@@@@@@@.............@@@@@@@
...........@@@@@@@@@.....@@@........................................................................................................@@@@@@@..@@@@@@@@@..........@...........@@@@@.....@@@...@@@@@.........@@@@@@@...........@.......@@@@@@@...............@@@@@@
............@@@@@@@....@@@@@@........................................................................................................@@@@...@@@@@@@@@@@........@@@..........@@@@.....@@@@@...@@@@..........@@@@@@@.................@@@@@@@.................@@@@@
............@@@@@.....@@@@@@@........................................................................................................@@....@@@@@@@@@@@@@......@@@@@..........@....@...@@@@@...@@@@..........@@@@@@@................@@@@@@...................@@@@
.............@@@....@@@@@@@@@@............................................................................................................@@@@@@@@@@@@@@@....@@@@@@@...........@@.@@....@@...@@@@@..........@@@@@@@...............@@@@@@@....................@@@
.............@.....@@@@@@@@@@@.............................................................................................................@@@@@@@@@@@@@@@@..@@@@@@@@.........@@@@@@@@........@@@@@..........@@@@@@@.............@@@@@@@.....................@@@
.................@@@@@@@@@@@@@@.............................................................................................................@@@@@@@@@@@@@@@@..@.@@@@@@.........@@@@@@@@.......@@@@@@@.........@@@@@@@...........@@@@@@@.......................@@
...............@@@@@@@@@@@@@@@@..............................................................................................................@@@@@@@@@@@@@@@@....@@@@@@.........@@@@@@@@.......@@@@@@@.........@@@@@@@.........@@@@@@@.........................@
..............@@@@@@@@@@@@@@@@@@............................................................................................................@@@@@@@@@@@@@@@@@@...@@@@@@@.........@@@@@@@@.......@@@@@@@.........@@@@@@@.........@@@@@...........................
.............@@@@@@@@@@@@@@@@@@@............................................................................................................@@@@@@@@@@@@@@@@@.....@@@@@@@.........@@@@@@@@.......@@@@@@@.........@@@@@@.........@@@@............................
..............@@@@@@@@@@@@@@@@@@...........................................................................................................@@@@@@@@@@@@@@@@@.......@@@@@@@.........@@@@@@@@.......@@@@@@@........@@@@@@@.........@@.............................
..............@@@@@@@@@@@@@@@@@@@.........................................................................................................@@@@@@@@@@@@@@@@@@........@@@@@@@........@@@@@@@@........@@@@@@@........@@@@@@@.........@.............................
...............@@@@@@@@@@.@@@@@@@.........................................................................................................@@@@@@@@@@@@@@@@@..........@@@@@@.........@@@@@@@@........@@@@@@......@@@@@@@@........................................
...............@@@@@@@@@..@@@@@@@@.......................................................................................................@@@@@@@@@@@@.@@@@............@@@@@@.........@@@@@@@@........@@@@@@....@@@@@@@@@@.......................................
................@@@@@@@@@@@@@@@@@@........................................................................................................@@@@@@@@@@....@..............@@@@@..........@@@@@@@@........@@@@@@....@@@@@@@@@@@.................@...................
................@@@@@@@@@@@@@@@@@@@......................................................................................................@@@@@@@@@@@....................@@@@@..........@@@@@@@@.......@@@@@@@....@@@@@@@@@@@................@@..................
.................@@@@@@@@@@@@@@@@@@.....................................................................................................@@@@@@@@@@@......................@@@@@..........@@@@@@@@.......@@@@@@@..@@@@@@@@@@@.................@@@@................
.................@@@@@@@@@@@@@@@@@@@.....................................................................................................@@@@@@@@@.....@..................@@@@@..........@@@@@@@........@@@@@..@@@@@@@@@@@..................@@@@@...............
..................@@@@@@@@@@@@@@@@@@......................................................................................................@@@@.@@.....@@@@..............@@@@@@@@..........@@@@@@@........@@@...@@@@@@@@@@...................@@@@@...............
..................@@@@@@@@@@@.@@@@@@@.......................................................................................................@........@@@@..............@@@@@@@@@@..........@@@@@@@........@...@@@@@@@@@@...................@@@@@@...............
...................@@@@@@@@@..@@@@@@@................................................................................................................@@@@@@.............@@@@@@@@@@..........@@@@@@@.@........@@@@@@@@@@....................@@@@@@...............
...................@@@@@@@@@.@.@@@@@@@..............................................................................................................@@@@@@@@.............@@@@@@@@@@..........@@@@@@@@@@.....@@@@@@@@@@.....................@@@@@................
....................@@@@@@@@@@@@@@@@@@.............................................................................................................@@@@@@@@@@.............@@@@@@@@@@..........@@@@@@@@@@...@@@@@@@@@@@.....................@@@@.................
....................@@@@@@@@@@@@@@@@@@@...........................................................................................................@@@@@@@@@@@@............@@@@.@@@@@@..........@@@@@@@@...@@@@@@@@@@@.......................@@..................
.....................@@@@@@@@@@@@@@@@@@............................................................................................................@@@@@@@@@@@@............@...@@@@@@@..........@@@@@@....@@@@@@@@@@..............@@@...........................
......................@@.@@@@@@@@@@@@@@@............................................................................................................@@@@@@@@@..@@...............@@@@@@@.@........@@@@..@.@@@@@@@@@@..............@@@@@@.........................
.........................@@@@@@@@@@@@@@@.............................................................................................................@@@@@@@@@@@@@...............@@@@@@@@@.......@@@..@@@@@@@@@@@@..............@@@@@@@@........................
..........................@@@@@@@@@@@@@@@..............................................................................................................@@@@@@@@@@@@...............@@@@@@@@@.......@..@@@@@@@@@@@@..............@@@@@@@@@........................
..........................@@@@@@@@@@@@@@@...............................................................................................................@@@@@@@@@@@@...............@@@@@@@@.........@@@@@@@@@@@@..............@@@@@@@@@@@.......................
...........................@@@@@@@@@@.@@@@...............................................................................................................@@@@@@@@@@@@...............@@@@@@@@.......@@@@@@@@@@@@@.............@@@@@@@@@@@@.......................
...........................@@@@@@@@....@@@@...............................................................................................................@@@@@@@@@@@@.............@@@@@@@@@@.......@@@@@@@@@@@.............@@@@@@@.@@@@@@......................
............................@@@@@@@@.@@@@@@................................................................................................................@@@@@@@@@@@@.............@..@@@@@@@@......@@@@@@@@@..............@@@@@@...@@@@@......................
............................@@@@@@@@@@@@@@@@................................................................................................................@@@@@@@@@@@@...............@@@@@@@@@......@@@@@@@..............@@@@@@@..@@@@@@......................
.............................@@@@@@@@@@@@@@@.................................................................................................................@@@@@@@@@@@@@............@@@@@@@@@@@......@@@@@@.............@@@@@@@@@.@@@@@@....................@.
.............................@@@@@@@@@@@@@@@@..................................................................................................................@@@@@@@@@@@@............@@..@@@@@@@.....@@@@@.............@@@@@@@@@@..@@@@@@.................@@@@
..............................@.@@@@@@@@..@..........................................................@..........................................................@@@@@@@@@@@@................@@@@@@......@@@.............@@@@@@@@@@...@@@@@@...............@@@@@@
................................@@@@@@@@....@@......................................................@@@.........................................................@@@@@@@@@@@@@................@@@@@@......@.............@@@@@@@@@@@...@@@..@@.............@@@@@@@
.................................@@@@@@@@.@@@@.....................................................@@@@@.........................................................@@@@@@@@@@@@@................@@@@@@...................@@@@@@@@@@@......@@@@..............@@@@@@
.................................@@@@@@@@@@@@@@...................................................@@@@@@@.........................................................@@@@@@@@@@@@@................@@@@@..................@@@@@@@@@@@.....@@@@@@..............@@@@@@
..................................@@@@@@@@@@@@@..................................................@@@@@@@@@.........................................................@@@@@@@@@@@@@................@@@@@................@@@@@@@@@@@....@@@@@@@@@..............@@@@@
..................................@..@@@@@@@@@@@................................................@@@@@@@@@@@..........................................................@@@@@@@@@@@@..............@@@@@@@..............@@@@@@@@@@@...@@@@@@@@@@@..............@@@@@
.....................................@@@@@@@@@................................................@@@@@@@@@@@@@@..........................................................@@@@@@@@@@@@............@@@@@@@..............@@@@@@@@@@@..@@@@@@@@@@@@@...............@@@@
......................................@@@@@@.................................................@@@@@@@@@@@@@@@@..........................................................@@@@@@@@@@@@@.........@@@@@@@..............@@@@@@@@@@@..@@@@@@@@@@@@.................@@@@
@.....................................@@@@@@................................................@@@@@@@@@@@@@@@@.............................................................@@@@@@@@@@@@........@@@@@@..............@@@@@@@@@@@@.@@@@@@@@@@.....................@@@
@@.....................................@@@@@@..............................................@@@@@@@@@@@@@@@@...............................................................@@@@@@@@@@@@......@@@@@@..............@@@@@@@@@@@@.@@@@@@@@@@......................@@@
@@.....................................@@@@@@...@.........................................@@@@@@@@@@@@@@@@..................................................................@@@@@@@@@@@......@@@@...............@@@@@@@@@@@..@@@@@@@@@........................@@
@@@.....................................@@@.@.@@@@.......................................@@@@@@@@@@@@@@@@....................................................................@@@@@@@@@@@@.....@@@..............@@@@@@@@@@@..@@@@@@@@..........................@@
@@@.....................................@.@@@@@@@@@.....................................@@@@@@@@@@@@@@@@......................................................................@@@@@@@@@@@@.....@..............@@@@@@@@@@@.@@@@@@@@@............................@
@@@@....................................@@@@@@@@@@@....................................@@@@@@@@@@@@@@@@.........................................................................@@@@@@@@@@@@.................@@@@@@@@@@@.@@@@@@@@@.............................@
@@@@@.................................@@@@@@@@@@@@@@....................................@@@@@@@@@@@@@@...........................................................................@@@@@@@@@@@@@..............@@@@@@@@@@@...@@@@@@@@..............................
@@@@@..................................@@@@@@@@@@@@@@....................................@@@@@@@@@@@..............................................................................@@@@@@@@@@@..............@@@@@@@@@@@...@@@@@@@@...............................
@@@@@@.................................@@@@@@@@@@@@@......................................@@@@@@@@@................................................................................@@@@@@@@@...............@@@@@@@@@@@.@@@@@@@@@................................
@@@@@@@.................................@@@@@@@@@@.........................................@@@@@@@..................................................................................@@@@@@@.................@@@@@@@@@.@@@@@@@@..................................
@@@@@@@.................................@@@@@@@@.......@....................................@@@@@..............................@.....................................................@@@@@@..................@@@@@@@.@@@@@@@....................................
@@@@@@@@.................................@@@@@@......@@@.....................................@@@..............................@@@.....................................................@@@@....................@@@@@...@@@@@@@...................................
@@@@@@@@@................................@@@@.......@@@@@.@...................................@..............................@@@@@......................................................@......................@@@......@@@@@@.................@@...............
@@@@@@@@@.................................@.........@@@@@@@.................................................................@@@@@@@.............................................................................@.......@@@@@@@.............@@@@@@@.............
.@@.@.@@@@...........................................@@@@@@@..........................@....................................@@@@@@@@@...................................................................................@@@@@@@@............@@@@@@@@.............
.@...@@@@@...........................................@.@@@@@.........................@@@..................................@@@@@@@@@@@...................................................................................@@@@@@@@@@......@.@@@@@@@@@@............
......@@@@@.............................................@@@@@.......................@@@@@................................@@@@@@@@@@@@@...................................................................................@@@@@@@@@@....@@@@@@@@@@@..............
......@@@@@@.....................................@.@..@@@@@@@.....................@@@@@@@@..............................@@@@@@@@@@@@@@@...........................................................@.......................@@@@@@@@@@...@@@@@@@@@................
.......@@@@@@...................................@@@@@@@@@@@@@@@..................@@@@@@@@@@............................@@@@@@@@@@@@@@@...........................................................@@@@.......................@@@@@@@@@.@@@@@@@@@@..@.............
........@@@@@................................@@@@@@@@@@@@.@@@@@@................@@@@@@@@@@@@...........................@@@@@@@@@@@@@@...........................................................@@@@@@.......................@@@@@@@@@@@@@@@@@...@@.............
........@@@@@@................................@@@@@@@@@...@@@@@@@..............@@@@@@@@@@@@@@.........................@@@@@@@@@@@@@@...........................................................@@@@@@@@.......................@@@@@@@@@@@@@@...@@@@@............
.........@@@@.................................@@@@@@@@..@@@@@@@@@@..............@@@@@@@@@@@@@@.......................@@@@@@@@@@@@@@...........................................................@@@@@@@@@@.......................@@@@@@@@@@@....@@@@@@@...........
.............@.....................@...........@@@@@@@@@@@.@@@@@@@@.............@@@@@@@@@@@@@@@.....................@@@@@@@@@@@@@@.............................................................@@@@@@@@.........................@@@@@@@@@@.....@@@@@@.@.........
............@@@....................@@@.........@@@@@@@@@@@@..@@@@@@@.............@@@@@@@@@@@@@@@...................@@@@@@@@@@@@@@..............................................................@@@@@@@...@........................@@@@@@......@@@@@@@@@.........
..........@@@@@@...................@@@@@........@@@@@@@@@@@..@@@@@@@@.............@@@@@@@@@@@@@@@.................@@@@@@@@@@@@@@................................................................@@@@@@@.@@@........................@@@........@@@@@@@@@@........
.........@@@@@@@@.................@@@@@@@........@@@@@@@@@@@...@@@@@@@.............@@@@@@@@@@@@@@@...............@@@@@@@@@@@@@@..................................................................@@@@@@@@@@.........................@...........@@@@@@@@........
........@@@@@@@@...............@...@@@@@@@........@@@@@@@@.....@@@@@@@@............@@@@@@@@@@@@@@@..............@@@@@@@@@@@@@@....................................................................@@@@@@@@@@..................................@@@@@@@@@@@.......
.......@@@@@@@@..............@@@@..@@@@@@@.........@@@@@@@@.....@@@@@@@.............@@@@@@@@@@@@@@@............@@@@@@@@@@@@@.......................................................................@@@@@@@@..................................@@@@@@@@@@.........
......@@@@@@@@..............@@@@@@..@@@@@@@........@@@@@@@@@.....@@@@@@@.............@@@@@@@@@@@@@@@...........@@@@@@@@@@@@........................................................................@@@@@@@...@.............................@@@@@@@@@@@@.........
.....@@@@@@@@..............@@@@@@...@@@@@@@@........@@@@@@@@.@...@@@@@@@..............@@@@@@@@@@@@@@@...........@@@@@@@@@@..........................................................................@@@@@@@.@@@...........................@@@@@@@.@@@@@@@.......
....@@@@@@@@.............@@@@@@.....@@@@@@@@@........@@@@@@@@@@.@@@@@@@@@..............@@@@@@@@@@@@@@@...........@@@@@@@@.............................................................@..............@@@@@@@@@@@..........................@@@@@@@@@@@@@@@.......
...@@@@@@@@.............@@@@@@..@...@@@@@@@@@.........@@@@@@@@@..@@@@@@@@@..............@@@@@@@@@@@@@@@..........@@@@@@@.............................................................@@@..............@@@@@@@@@@@..........................@@@@..@@@@@@@@@......
..@@@@@@@@...............@@@@..@@@...@@@@@@@@@.........@@@@@@@@@..@@@@@@@@@..............@@@@@@@@@@@@@@@..........@@@@@............................................................@@@@@@..............@@@@@@@@@...........................@@.....@@@@@@@@......
.@@@@@@@..................@...@@@@@...@@@@@@@@@.........@@@@@@@@@..@@@.@@@@@..............@@@@@@@@@@@@@@@..........@@@............................................................@@@@@@@@..............@@@@@@@@@@................................@@@@@@@@......
@@@@@@@......................@@@@@@....@@@@@@@@@.........@@@@@@@@.@@@...@@@@@..............@@@@@@@@@@@@@@@..........@............................................................@@@@@@@@@@..............@@@@@@@@@@................................@@@@@@@@.....
@@@@@@......................@@@@@@@@.@@@@@@@@@@@..........@@@@@@@@@@@@...@@@@@..............@@@@@@@@@@@@@@@.......................................................................@@@@@@@@@...............@@@@@@@@@@................................@@@@@@@@....
@@@@@............@.........@@@@@@@@@@@@@@@@@@@@@@..........@@@@@@@@@@@@..@@@@@@..............@@@@@@@@@@@@@@@.......................................................................@@@@@@@@@...............@@@@@@@@@@................................@@@@@@@@...
@@@@............@@@.........@.@@@@@@@@@@@@@@@@@@@@..........@@@@@@@@@@@@..@@@@@...............@@@@@@@@@@@@@@@.......................................................................@@@@@@@@@...............@@@@@@@@.................................@@@@@@@@...
@@@............@@@@@...........@@@@@@@@@@@@.@@@@@@@..........@@@@@@@@@@@...@@@@@................@@@@@@@@@@@@@@......................................................................@@@@@@@@@@..............@@@@@@@@@@...............................@@@@@@@@@..
@@............@@@@@@............@@@@@@@@@....@@@@@@..........@@@@@@@@@@@@..@@@@..................@@@@@@@@@@@@@@......................................................................@@@@@@@@@@..............@@@@@@@@@@...............................@@@@@@@@..
@..............@@@@@@............@@@@@@@@...@@@@@@@@..........@@@@@@@@@@@@..@.....................@@@@@@@@@@@@@@......................................................................@@@@@@@@@@..............@@@@@@@@@@..............................@..@@@@@@.
...............@@@@@@@............@@@@@@..@@@@@@@@@@@.........@@@@@@@@@@@@@.........................@@@@@@@@@@@@@......................................................................@@@@@@@@@@..............@@@@@@@@@@................................@@@@@@@
................@@@@@@@..........@@@@@@..@@@@@@@@@@@@@..........@@@@@@.@@@.......@...................@@@@@@@@@@@@@......................................................................@@@@@@@@@@..............@@@@@@@@..@...............................@@@@@@
.................@@@@@@.........@@@@@...@@@@@@@@@@@@@@...........@@@@@@.@.......@@@...................@@@@@@@@@@@@@......................................................................@@@@@@@@@@..............@@@@@@..@@@...............................@@@@@
..................@@@@@@.@.......@@@..@@@@@@@@@@@@@@@@@..........@@@@@@@.......@@@@@...................@@@@@@@@@@@@@......................................................................@@@@@@@@@@..............@@@@@@@@@@@..............................@@@@@
..................@@@@@@@@@.......@..@@@@@@@@@@@.@@@@@@@..........@@@@@.......@@@@@@@...................@@@@@@@@@@@@@......................................................................@@@@@@@@@...............@@@@@@@@@@...............................@..@
...................@@@@@@@@...........@@@@@@@@@...@@@@@@@..........@@@.......@@@@@@@@@...................@@@@@@@@@@@@@.....................................................................@@@@@@@@@@...............@@@@@@@@@@..................................
....................@@@@@@@@...........@@@@@@@...@@@@@@@@...........@......@@@@@@@@@@@@...................@@@@@@@@@@@@@.....................................................................@@@@@@@@@@...............@@@@@@@@...................................
......................@@@@@@...........@@@@@....@@@@@@@@@@................@@@@@@@@@@@@@....................@@@@@@@@@@@@@...................................................@.................@@@@@@@@................@@@@@@@@@@.................................
.......................@@@@@@...........@@@...@@@@@@@@@@@@@..............@@@@@@@@@@@@@@@....................@@@@@@@@@@@@@................................................@@@@.................@@@@@@..................@@@@@@@@@@................................
.......................@@@@@@............@...@@@@@@@@@@@@@@@............@@@@@@@@@@@@@@@@@....................@@@@@@@@@@@@@..............................................@@@@@@.................@@@.......@.............@@@@@@@@@@...............................
........................@@@@@@..............@@@@@@@@@@@@@@@@...........@@@@@@@@@@@@@@@@@@@....................@@@@@@@@@@@@@..............................................@@@@@@.................@.......@@@.............@@@@@@@@@@..............................
.........................@@@@...@..........@@@@@@@@@@@.@@@@@@...........@@@@@@@@@@@@@@@@@@@....................@@@@@@@@@@@@@............................................@@@@@@@@.......................@@@@@.............@@@@@@@@@@.............................
..........................@....@@@..........@@@@@@@@....@@@@@@...........@@@@@@@@@@@@@@@@@@@....................@@@@@@@@@@@@@..........................................@@@@@@@@@.....................@@@@@@@@.............@@@@@@@@@@............................
..............................@@@@@.........@@@@@@@....@@@@@@@@...........@@@@@@@@@@.@@@@@@@@....................@@@@@@@@@@@@@........................................@@@@@@@@@@@...................@@@@@@@@@..............@@@@@@@@@@...........................
.............................@@@@@@@.........@@@@@....@@@@@@@@@............@@@@@@@@...@@@@@@@@....................@@@@@@@@@@@@@........................................@@@@@@@@@@@.................@@@@@@@@@@@..............@@@@@@@@@@..........................
............................@@@@@@@@@........@@@....@@@@@@@@@@@@............@@@@@@......@@@@@@@....................@@@@@@@@@@@@@........................................@@@@@@@@@@@.................@@@@@@@@@@@..............@@@@@@@@@@.........................
...........................@@@@@@@@@@@........@....@@@@@@@@@@@@@@...........@@@@@@@.@@..@@@@@@@@....................@@@@@@@@@@@@@.......................................@@@@@@@@@@@@.................@@@@@@@@@@@..............@@@@@@@@..........................
............................@@@@@@@@@.............@@@@@@@@@@@@@@@@...........@@@@@@@@@@@@@@@@@@@@....................@@@@@@@@@@@.........................................@@@@@@@@@@...................@@@@@@@@@@@.............@@@@@@@@@@........................
.............................@@@@@@@.............@@@@@@@@@@@.@@@@@@...........@@@@@@@@..@@@@@@@@@@....................@@@@@@@@@...........................................@@@@@@@......................@@@@@@@@@@@.............@@@@@@@@@@.......................
..............................@@@@@....@..........@@@@@@@@.@@@@@@@@............@@@@@@..@@@@@@@@@@@@....................@@@@@@@........................@.@.@................@@@@@.......................@@@@@@@@@@@..............@@@@@@@@@@......................
...............................@@@....@@@.........@@@@@@@...@@@@@@@@............@@@.....@@@@@@@@@@@@....................@@@@@.........................@@@@@@...............@@@..........................@@@@@@@@@@@..............@@@@@@@@@@.....................
................................@...@@@@@@.........@@@@@.....@@@@@@@@............@......@@@@@@@@@@@@.....................@@@.........................@@@@@@@@...............@............................@@@@@@@@@@@..............@@@@@@@@@@....................
...................................@@@@@@@.........@@@.......@@@@@@@.....................@@@@@@@@@@@@.....................@.........................@@@@@@@@@@............................................@@@@@@@@@@@..............@@@@@@@@@@...................
..................................@@@@@@@@@.........@.........@@@@...@..................@@@@@@@@@@@@@................................................@@@@@@@@@@..@.........................................@@@@@@@@@@@..............@@@@@@@@@@..................
...................................@@@@@@@@@..................@@@...@@@................@@@@@@@@@@@@@@@...............................................@@@@@@@@@@.@@@.........................................@@@@@@@@@@@..............@@@@@@@@@..................
....................................@@@@@@@...........@........@...@@@@@.............@@@@@@@@@@@@@@@@@@...............................................@@@@@@@@@@@@@@.........................................@@@@@@@@@@@..............@@@@@@@@@.................
....................................@@@@@@...........@@@..........@@@@@@@...........@@@@@@@@....@.@@@@@................................................@@@@@@@@@@@@@@.........................................@@@@@@@@@@...............@@@@@@@@@................
.....................................@@@....@.......@@@@@..........@@@@@@@.........@@@@@@@@........@@@@@..............................................@@@@@@@@@@@@@@@..........................................@@@@@@@@@@..............@@@@@@@@@@...............
......................................@....@@@.......@@@@@..........@@@@@@..........@@@@@@@.......@@@@@@@..............................................@@@@@@@@@@@@@@@.........................................@@@@@@@@@@@..............@@@@@@@@@@..............
.........................................@@@@..@......@@@@@....@.....@@@@@@..........@@@.@@@.@....@@@@@@@@..................................@...........@@@@@@@@@@@@@@@.........................................@@@@@@@@@@@..............@@@@@@@@@@.............
........................................@@@@@.@@@......@@@@@..@@@...@@@@@@@@..........@.@@@@@@@....@.@@@@@@................................@@@..........@@@@@@@@@@@@@@...........................................@@@@@@@@@@@..............@@@@@@@@@@............
.......................................@@@@@@@@@@.......@@@@@@@@@@.@@@@@@@@@@...........@@@@@@........@@@@@@...............................@@@@..........@@@@@@@@@@@@@............................................@@@@@@@@@@@..............@@@@@@@@@@...........
........................................@@@@@@@@@@@......@@@@@@@@@@@@@@@@@@@@@..........@@@@@@@......@@@@@@@..............................@@@@@...........@@@@@@@@@@@@@............................................@@@@@@@@@@...............@@@@@@@@@@..........
.........................................@@@@@@@@@@@@.....@..@@@@@@@@@@@@@@@@@@@.........@@@@@@@.....@@@@@@@@@...........................@@@@@@@...........@@@@@@@@@@@@@............................................@@@@@@@@@@.............@@@@@@@@@@@..........
..........................................@@@@@@@@@@..........@@@@@@@@@@.@@@@@@@@.........@@@@@@@.....@@.@@@@@@.........................@@@@@@@@@...........@@@@@@@@@@@@.............................................@@@@@@@@@@...........@@@@@@@@@@@@@.........
...........................................@@@@@@@@@@.....@...@@@@@@@@...@@@@@@@@@.........@@@@@........@@@@@@@@.......................@@@@@@@@@............@@@@@@@@@@@@@.............................................@@@@@@@@@@...........@@@@@@@@@@@@@........
............................................@@@@@@@@@@...@@@...@@@@@@@@...@@@@@@@@@.........@@@@@.@......@@@@@@@@......................@@@@@@@@..............@@@@@@@@@@@@@............................................@@@@@@@@@@@...........@@@@@@@@@@@@@.......
.............................................@@@@@@@@@@@@@@.....@@@@@@@@...@@@@@@@@@.........@@@@@@@.....@@@@@@@@@....................@@@@@@@@................@@@@@@@@@@@..............................................@@@@@@@@@@@...........@@@@@@@@@@@........
.............................................@@@@@@@@@@@@@.......@@@@@@@@...@@@@@@@@..........@@@@@@@.....@.@@@@@@@.................@@@@@@@@.......@...........@@@@@@@@@................................................@@@@@@@@@@...........@@@@@@@@@@@@.......
@.............................................@@@@@@@@@@@.........@@@@@@@.@@@@@@@@@@@..........@@@@@@......@@@@@@@@@...............@@@@@@@@.......@@@...........@@@@@@@..................................................@@@@@@@@@@@..........@@@@@@@@@@@.......
@..............................................@@@@@@@@@..........@@@@@@@@@@@@@@@@@@@@..........@@@@@@.....@@@@@@@@@..............@@@@@@@@........@@@@..........@@@@@.....................................................@@@@@@@@@@@..........@@@@@@@@@@@......
@@..............................................@@@@@@@............@@@@@@@@@@@@@@@@@@@@..........@@@@.@..@@@@@@@@@@@@............@@@@@@@@........@@@@@@..........@@@.......................................................@@@@@@@@@@@..........@@@@@@@@@@......
@@@..............................................@@@@@..............@@@@@@@@@@@@@@@@@@@@...........@@@@@@@@@@@@@@@@@@...........@@@@@@@@........@@@@@@@@..........@.........................................................@@@@@@@@@@@..........@@@@@@@@@@.....
@@.@@.............................................@@@................@@@@@@@@@@@@@@@@@@@............@@@@@@@@@@@@@@@@@@.........@@@@@@@@........@@@@@@@@@.......................@.............................................@@@@@@@@@@@...........@@@@@@@@.....
@@@@@@.............................................@..................@@@@@@@@@@@@@@@@@@@..........@@@@@@@@@@@@@.@@@@.........@@@@@@@@@.........@@@@@@@@@.....................@@@.............................................@@@@@@@@@@@...........@@@@@@@@....
95,253,98,254,3.41421356
31,70,34,71,3.41421356
56,78,57,75,3.41421356
3,190,3,192,2.00000000
253,201,252,198,3.41421356
237,212,237,209,3.00000000
64,126,66,124,2.82842712
253,80,252,80,1.00000000
74,208,74,209,1.00000000
162,98,160,96,2.82842712
185,215,181,220,6.65685425
107,37,106,31,6.41421356
205,98,209,103,7.24264069
181,199,175,200,6.41421356
139,19,146,19,7.00000000
8,6,13,10,6.65685425
236,5,240,11,7.65685425
243,88,238,88,5.00000000
178,60,182,57,5.24264069
50,125,47,128,4.24264069
30,118,38,120,8.82842712
128,176,119,170,11.48528137
157,182,160,173,10.24264069
155,249,146,248,9.41421356
73,38,63,34,11.65685425
177,206,178,215,9.41421356
181,181,174,186,9.07106781
65,116,68,124,9.24264069
152,179,154,170,9.82842712
158,125,151,125,10.65685425
234,205,229,218,15.07106781
83,109,71,106,13.24264069
97,146,105,135,14.31370850
53,50,63,60,14.72792206
183,34,176,45,13.89949493
131,217,123,205,15.31370850
165,56,158,44,14.89949493
134,118,126,106,15.89949493
103,15,93,23,13.31370850
161,82,168,93,13.89949493
239,48,238,30,18.41421356
105,136,87,132,19.65685425
35,77,49,85,17.31370850
123,242,106,239,18.24264069
95,99,83,86,17.97056274
11,170,25,159,18.55634918
111,174,108,190,17.24264069
8,214,15,231,19.89949493
17,173,32,169,16.65685425
5,79,6,98,19.41421356
68,176,48,170,22.48528137
189,58,176,43,20.38477631
104,78,89,94,22.21320343
162,195,184,195,22.00000000
38,43,19,52,22.72792206
211,122,224,138,21.38477631
161,233,168,212,23.89949493
224,240,240,255,22.21320343
208,36,207,17,20.82842712
126,198,143,214,23.62741699
142,155,160,147,26.97056274
165,51,174,203,181.26702728
105,132,245,42,186.69343414
84,67,224,140,184.52186127
250,22,91,88,186.33809509
176,244,28,242,187.92388153
101,54,146,221,185.63961029
92,187,144,25,186.36753235
175,122,56,15,187.03657989
64,249,155,142,186.89444427
169,92,28,182,185.24978332
166,88,6,52,185.43860016
47,198,194,160,190.98275604
174,211,60,70,188.22034607
18,251,53,86,188.95331879
164,182,13,88,189.93607483
174,99,101,231,188.92388153
205,215,38,180,189.53910522
41,96,124,252,190.37972565
151,120,9,180,190.83556976
129,21,138,185,190.53910522
42,129,193,61,189.10764770
153,50,8,149,194.20815277
62,34,228,58,195.82337646
250,111,99,161,194.03657989
60,143,218,63,195.86500702
209,227,151,68,194.13708496
84,41,101,222,193.01219330
211,198,31,186,194.08326111
173,136,16,83,195.33809509
236,130,95,56,194.56349182
170,240,11,166,193.79393921
254,117,93,92,199.96551208
57,74,210,182,199.97770538
214,155,75,66,199.37972565
155,210,136,38,197.95331879
66,183,196,63,198.49242401
205,51,34,48,198.75230865
149,238,155,58,199.74011536
223,147,51,147,198.50966797
